<?xml version="1.0" encoding="utf-8"?><testsuites name="pytest tests"><testsuite name="pytest" errors="0" failures="0" skipped="0" tests="267" time="102.707" timestamp="2026-09-25T12:09:01.299525+00:00" hostname="aa32527e8cf5"><testcase classname="tests.integration.test_app_integration.TestAppIntegration" name="test_app_type_selection[Cities]" time="0.048" /><testcase classname="tests.integration.test_app_integration.TestAppIntegration" name="test_app_type_selection[States]" time="0.008" /><testcase classname="tests.integration.test_app_integration.TestAppIntegration" name="test_app_type_selection[Countries]" time="0.015" /><testcase classname="tests.integration.test_app_integration.TestAppIntegration" name="test_app_type_selection[Chroma]" time="0.007" /><testcase classname="tests.integration.test_app_integration.TestAppIntegration" name="test_app_type_selection[PG_Vector]" time="0.006" /><testcase classname="tests.integration.test_app_integration.TestAppIntegration" name="test_app_type_selection[Web]" time="0.006" /><testcase classname="tests.integration.test_app_integration.TestAppIntegration" name="test_app_type_selection[Wikipedia]" time="0.006" /><testcase classname="tests.integration.test_app_integration.TestAppIntegration" name="test_app_type_selection[Arxiv]" time="0.006" /><testcase classname="tests.integration.test_app_integration.TestAppIntegration" name="test_app_type_selection[Deep_Agents]" time="0.008" /><testcase classname="tests.integration.test_app_integration.TestAppIntegration" name="test_app_type_selection[Pokemon_MCP]" time="0.152" /><testcase classname="tests.integration.test_app_integration.TestAppIntegration" name="test_app_type_selection_simple_chat" time="2.350" /><testcase classname="tests.integration.test_app_integration.TestAppIntegration" name="test_app_type_selection_mtg" time="11.106" /><testcase classname="tests.integration.test_examples.TestOllamaIntegration" name="test_ollama_api_health_check" time="0.004" /><testcase classname="tests.integration.test_examples.TestOllamaIntegration" name="test_ollama_langchain_integration" time="0.344" /><testcase classname="tests.integration.test_examples.TestChromaIntegration" name="test_chroma_connection_and_operations" time="2.135" /><testcase classname="tests.integration.test_examples.TestPGVectorIntegration" name="test_postgres_connection_and_pgvector" time="0.029" /><testcase classname="tests.integration.test_examples.TestLLMChainIntegration" name="test_simple_llm_chain_integration" time="0.852" /><testcase classname="tests.integration.test_examples.TestLLMChainIntegration" name="test_wikipedia_retriever_integration" time="0.013" /><testcase classname="tests.integration.test_examples.TestLLMChainIntegration" name="test_arxiv_retriever_integration" time="0.012" /><testcase classname="tests.integration.test_examples.TestEnvironmentIntegration" name="test_all_required_environment_variables" time="0.003" /><testcase classname="tests.integration.test_examples.TestEnvironmentIntegration" name="test_model_availability_check" time="0.003" /><testcase classname="tests.integration.test_examples.TestServiceHealthIntegration" name="test_all_services_healthy" time="0.029" /><testcase classname="tests.integration.test_pokemon_mcp.TestPokemonMCPEndToEnd" name="test_pokemon_mcp_full_pipeline" time="70.161" /><testcase classname="tests.unit.example.test_agentic_chat.TestAgenticChat" name="test_get_tools" time="0.001" /><testcase classname="tests.unit.example.test_agentic_chat.TestAgenticChat" name="test_get_wikipedia_search_tool" time="0.001" /><testcase classname="tests.unit.example.test_agentic_chat.TestAgenticChat" name="test_handle_agentic_chat_initialization" time="0.003" /><testcase classname="tests.unit.example.test_agentic_chat.TestAgenticChat" name="test_handle_agentic_chat_user_input" time="0.003" /><testcase classname="tests.unit.example.test_agentic_chat.TestAgenticChat" name="test_handle_agentic_chat_with_tool_calls" time="0.003" /><testcase classname="tests.unit.example.test_agentic_chat.TestAgenticChat" name="test_handle_agentic_chat_without_output" time="0.003" /><testcase classname="tests.unit.example.test_arxiv.TestArxiv" name="test_handle_arxiv_no_query" time="0.002" /><testcase classname="tests.unit.example.test_arxiv.TestArxiv" name="test_handle_arxiv_with_query_success" time="0.006" /><testcase classname="tests.unit.example.test_arxiv.TestArxiv" name="test_handle_arxiv_no_answer" time="0.004" /><testcase classname="tests.unit.example.test_arxiv.TestArxiv" name="test_handle_arxiv_exception_handling" time="0.002" /><testcase classname="tests.unit.example.test_arxiv.TestArxiv" name="test_handle_arxiv_no_button_click" time="0.001" /><testcase classname="tests.unit.example.test_chroma.TestChroma" name="test_vectorizePDF_unit" time="0.007" /><testcase classname="tests.unit.example.test_chroma.TestChroma" name="test_process_chroma_query_invokes_chain" time="0.002" /><testcase classname="tests.unit.example.test_chroma.TestChroma" name="test_handle_chroma_no_file_upload" time="0.001" /><testcase classname="tests.unit.example.test_chroma.TestChroma" name="test_handle_chroma_with_file_upload_success" time="0.002" /><testcase classname="tests.unit.example.test_chroma.TestChroma" name="test_handle_chroma_no_answer" time="0.002" /><testcase classname="tests.unit.example.test_chroma.TestChroma" name="test_handle_chroma_exception_handling" time="0.002" /><testcase classname="tests.unit.example.test_chroma.TestChroma" name="test_process_chroma_query" time="0.001" /><testcase classname="tests.unit.example.test_chroma.TestChroma" name="test_environment_variables_loaded" time="0.001" /><testcase classname="tests.unit.example.test_chroma.TestChroma" name="test_collection_name_generation" time="0.001" /><testcase classname="tests.unit.example.test_city.TestCities" name="test_handle_cities_no_selection" time="0.002" /><testcase classname="tests.unit.example.test_city.TestCities" name="test_handle_cities_with_selection_and_query" time="0.002" /><testcase classname="tests.unit.example.test_city.TestCities" name="test_handle_cities_empty_query" time="0.002" /><testcase classname="tests.unit.example.test_city.TestCities" name="test_handle_cities_no_button_click" time="0.002" /><testcase classname="tests.unit.example.test_country.TestCountries" name="test_handle_country_no_selection" time="0.002" /><testcase classname="tests.unit.example.test_country.TestCountries" name="test_handle_country_with_selection_and_query" time="0.003" /><testcase classname="tests.unit.example.test_country.TestCountries" name="test_handle_country_shows_flags" time="0.002" /><testcase classname="tests.unit.example.test_country.TestCountries" name="test_handle_country_no_button_click" time="0.002" /><testcase classname="tests.unit.example.test_deep_agents.TestDeepAgents" name="test_get_tools_without_brave" time="0.001" /><testcase classname="tests.unit.example.test_deep_agents.TestDeepAgents" name="test_get_tools_with_brave" time="0.001" /><testcase classname="tests.unit.example.test_deep_agents.TestDeepAgents" name="test_get_wikipedia_search_tool" time="0.001" /><testcase classname="tests.unit.example.test_deep_agents.TestDeepAgents" name="test_create_deep_agents_chain" time="0.001" /><testcase classname="tests.unit.example.test_deep_agents.TestDeepAgents" name="test_process_deep_agents_query_without_langfuse" time="0.001" /><testcase classname="tests.unit.example.test_deep_agents.TestDeepAgents" name="test_process_deep_agents_query_with_langfuse" time="0.001" /><testcase classname="tests.unit.example.test_deep_agents.TestDeepAgents" name="test_handle_deep_agents_initialization" time="0.002" /><testcase classname="tests.unit.example.test_deep_agents.TestDeepAgents" name="test_handle_deep_agents_user_input" time="0.002" /><testcase classname="tests.unit.example.test_deep_agents.TestDeepAgents" name="test_handle_deep_agents_with_langfuse" time="0.002" /><testcase classname="tests.unit.example.test_deep_agents.TestDeepAgents" name="test_handle_deep_agents_error_handling" time="0.002" /><testcase classname="tests.unit.example.test_deep_agents.TestDeepAgents" name="test_handle_deep_agents_with_intermediate_steps" time="0.002" /><testcase classname="tests.unit.example.test_deep_agents.TestDeepAgents" name="test_handle_deep_agents_with_tool_calls_in_messages" time="0.002" /><testcase classname="tests.unit.example.test_deep_agents.TestDeepAgentsToolHandling" name="test_get_tools_returns_all_required_tools" time="0.001" /><testcase classname="tests.unit.example.test_deep_agents.TestDeepAgentsToolHandling" name="test_wikipedia_tool_parameters" time="0.001" /><testcase classname="tests.unit.example.test_deep_agents.TestDeepAgentsChainCreation" name="test_create_chain_with_correct_model_format" time="0.001" /><testcase classname="tests.unit.example.test_deep_agents.TestDeepAgentsChainCreation" name="test_create_chain_includes_system_prompt" time="0.001" /><testcase classname="tests.unit.example.test_deep_agents.TestDeepAgentsChainCreation" name="test_create_chain_includes_tools" time="0.001" /><testcase classname="tests.unit.example.test_deep_agents.TestDeepAgentsQueryProcessing" name="test_process_query_with_empty_messages" time="0.001" /><testcase classname="tests.unit.example.test_deep_agents.TestDeepAgentsQueryProcessing" name="test_process_query_with_error_response" time="0.001" /><testcase classname="tests.unit.example.test_deep_agents.TestDeepAgentsQueryProcessing" name="test_process_query_config_without_handler" time="0.001" /><testcase classname="tests.unit.example.test_deep_agents.TestDeepAgentsQueryProcessing" name="test_process_query_config_with_handler" time="0.001" /><testcase classname="tests.unit.example.test_deep_agents.TestDeepAgentsUIIntegration" name="test_handle_processes_queries" time="0.001" /><testcase classname="tests.unit.example.test_mtg.TestMTG" name="test_handle_mtg_no_button_click" time="0.001" /><testcase classname="tests.unit.example.test_mtg.TestMTG" name="test_handle_mtg_with_card_image" time="0.002" /><testcase classname="tests.unit.example.test_mtg.TestMTG" name="test_handle_mtg_without_card_image" time="0.002" /><testcase classname="tests.unit.example.test_mtg.TestMTG" name="test_handle_mtg_empty_card_name" time="0.003" /><testcase classname="tests.unit.example.test_pdf_podcast.TestExtractTextFromPDF" name="test_extract_text_from_pdf_with_valid_content" time="0.002" /><testcase classname="tests.unit.example.test_pdf_podcast.TestExtractTextFromPDF" name="test_extract_text_from_pdf_empty_content" time="0.001" /><testcase classname="tests.unit.example.test_pdf_podcast.TestExtractTextFromPDF" name="test_extract_text_from_pdf_multiple_pages" time="0.002" /><testcase classname="tests.unit.example.test_pdf_podcast.TestExtractTextFromPDF" name="test_extract_text_from_pdf_handles_error" time="0.002" /><testcase classname="tests.unit.example.test_pdf_podcast.TestGeneratePodcastScript" name="test_generate_podcast_script_creates_dialogue_format" time="0.001" /><testcase classname="tests.unit.example.test_pdf_podcast.TestGeneratePodcastScript" name="test_generate_podcast_script_truncates_long_text" time="0.001" /><testcase classname="tests.unit.example.test_pdf_podcast.TestGeneratePodcastScript" name="test_generate_podcast_script_ollama_invocation" time="0.002" /><testcase classname="tests.unit.example.test_pdf_podcast.TestGeneratePodcastScript" name="test_generate_podcast_script_handles_error" time="0.002" /><testcase classname="tests.unit.example.test_pdf_podcast.TestVoiceMapping" name="test_get_voice_id_male_us" time="0.001" /><testcase classname="tests.unit.example.test_pdf_podcast.TestVoiceMapping" name="test_get_voice_id_female_uk" time="0.001" /><testcase classname="tests.unit.example.test_pdf_podcast.TestVoiceMapping" name="test_get_voice_id_male_australian" time="0.001" /><testcase classname="tests.unit.example.test_pdf_podcast.TestVoiceMapping" name="test_get_voice_id_female_indian" time="0.001" /><testcase classname="tests.unit.example.test_pdf_podcast.TestVoiceMapping" name="test_get_voice_id_invalid_falls_back_to_default" time="0.001" /><testcase classname="tests.unit.example.test_pdf_podcast.TestVoiceMapping" name="test_voice_mapping_has_all_combinations" time="0.001" /><testcase classname="tests.unit.example.test_pdf_podcast.TestSynthesizeAudioLocal" name="test_synthesize_audio_local_returns_tuple" time="0.005" /><testcase classname="tests.unit.example.test_pdf_podcast.TestSynthesizeAudioLocal" name="test_synthesize_audio_local_uses_edge_tts" time="0.003" /><testcase classname="tests.unit.example.test_pdf_podcast.TestSynthesizeAudioLocal" name="test_synthesize_audio_local_concatenates_segments" time="0.004" /><testcase classname="tests.unit.example.test_pdf_podcast.TestSynthesizeAudioLocal" name="test_synthesize_audio_local_empty_script" time="0.002" /><testcase classname="tests.unit.example.test_pdf_podcast.TestSynthesizeAudioLocal" name="test_synthesize_audio_local_handles_error" time="0.003" /><testcase classname="tests.unit.example.test_pdf_podcast.TestSynthesizeAudioWrapper" name="test_synthesize_audio_wrapper_returns_tuple" time="0.001" /><testcase classname="tests.unit.example.test_pdf_podcast.TestSynthesizeAudioWrapper" name="test_synthesize_audio_wrapper_passes_voice_ids" time="0.001" /><testcase classname="tests.unit.example.test_pdf_podcast.TestHandlePdfPodcast" name="test_handle_pdf_podcast_initializes" time="0.003" /><testcase classname="tests.unit.example.test_pdf_podcast.TestHandlePdfPodcast" name="test_handle_pdf_podcast_voice_selection" time="0.002" /><testcase classname="tests.unit.example.test_pdf_podcast.TestHandlePdfPodcast" name="test_handle_pdf_podcast_file_uploader" time="0.002" /><testcase classname="tests.unit.example.test_pdf_podcast.TestHandlePdfPodcast" name="test_handle_pdf_podcast_no_file_uploaded" time="0.002" /><testcase classname="tests.unit.example.test_pdf_podcast.TestHandlePdfPodcast" name="test_handle_pdf_podcast_langfuse_integration" time="0.002" /><testcase classname="tests.unit.example.test_pdf_podcast.TestHandlePdfPodcast" name="test_pdf_podcast_integration_with_real_edge_tts" time="0.799" /><testcase classname="tests.unit.example.test_pgvector.TestPGVector" name="test_vectorizePDF_success" time="0.002" /><testcase classname="tests.unit.example.test_pgvector.TestPGVector" name="test_vectorizePDF_collection_exists" time="0.002" /><testcase classname="tests.unit.example.test_pgvector.TestPGVector" name="test_vectorizePDF_exception" time="0.001" /><testcase classname="tests.unit.example.test_pgvector.TestPGVector" name="test_handle_pgvector_no_files" time="0.002" /><testcase classname="tests.unit.example.test_pgvector.TestPGVector" name="test_handle_pgvector_no_query" time="0.001" /><testcase classname="tests.unit.example.test_pgvector.TestPGVector" name="test_handle_pgvector_with_files_success" time="0.002" /><testcase classname="tests.unit.example.test_pgvector.TestPGVector" name="test_handle_pgvector_no_answer" time="0.002" /><testcase classname="tests.unit.example.test_pgvector.TestPGVector" name="test_handle_pgvector_exception_handling" time="0.002" /><testcase classname="tests.unit.example.test_pgvector.TestPGVector" name="test_handle_pgvector_no_button_click" time="0.001" /><testcase classname="tests.unit.example.test_pgvector.TestPGVector" name="test_create_pgvector_chain" time="0.003" /><testcase classname="tests.unit.example.test_pgvector.TestPGVector" name="test_process_pgvector_query" time="0.001" /><testcase classname="tests.unit.example.test_pokemon_mcp_unit.TestGetMCPTools" name="test_get_mcp_tools_loads_tools" time="0.003" /><testcase classname="tests.unit.example.test_pokemon_mcp_unit.TestGetMCPTools" name="test_get_mcp_tools_wraps_async_to_sync" time="0.002" /><testcase classname="tests.unit.example.test_pokemon_mcp_unit.TestGetMCPTools" name="test_get_mcp_tools_handles_json_input" time="0.002" /><testcase classname="tests.unit.example.test_pokemon_mcp_unit.TestCreateChain" name="test_create_chain_with_tools" time="0.001" /><testcase classname="tests.unit.example.test_pokemon_mcp_unit.TestCreateChain" name="test_create_chain_no_tools" time="0.001" /><testcase classname="tests.unit.example.test_pokemon_mcp_unit.TestProcessQuery" name="test_process_query_with_dict_message" time="0.001" /><testcase classname="tests.unit.example.test_pokemon_mcp_unit.TestProcessQuery" name="test_process_query_with_message_object" time="0.001" /><testcase classname="tests.unit.example.test_pokemon_mcp_unit.TestProcessQuery" name="test_process_query_no_messages" time="0.001" /><testcase classname="tests.unit.example.test_pokemon_mcp_unit.TestProcessQuery" name="test_process_query_error_handling" time="0.001" /><testcase classname="tests.unit.example.test_pokemon_mcp_unit.TestToolWrapperIntegration" name="test_tool_wrapper_converts_string_to_dict" time="0.002" /><testcase classname="tests.unit.example.test_pokemon_mcp_unit.TestToolWrapperIntegration" name="test_tool_wrapper_handles_tuple_input" time="0.002" /><testcase classname="tests.unit.example.test_pokemon_mcp_unit.TestToolWrapperIntegration" name="test_tool_wrapper_with_dict_schema" time="0.002" /><testcase classname="tests.unit.example.test_pokemon_mcp_unit.TestToolWrapperIntegration" name="test_tool_wrapper_with_invalid_json_input" time="0.002" /><testcase classname="tests.unit.example.test_pokemon_mcp_unit.TestToolWrapperIntegration" name="test_tool_wrapper_handles_no_schema" time="0.002" /><testcase classname="tests.unit.example.test_pokemon_mcp_unit.TestHandlePokemonMCP" name="test_handle_pokemon_mcp_initialization" time="0.002" /><testcase classname="tests.unit.example.test_pokemon_mcp_unit.TestHandlePokemonMCP" name="test_handle_pokemon_mcp_with_user_input" time="0.003" /><testcase classname="tests.unit.example.test_pokemon_mcp_unit.TestHandlePokemonMCP" name="test_handle_pokemon_mcp_with_langfuse" time="0.003" /><testcase classname="tests.unit.example.test_pokemon_mcp_unit.TestHandlePokemonMCP" name="test_handle_pokemon_mcp_error_handling" time="0.002" /><testcase classname="tests.unit.example.test_simple_chat.TestSimpleChat" name="test_get_session_history_new_session" time="0.001" /><testcase classname="tests.unit.example.test_simple_chat.TestSimpleChat" name="test_get_session_history_existing_session" time="0.001" /><testcase classname="tests.unit.example.test_simple_chat.TestSimpleChat" name="test_handle_simple_chat_initialization" time="0.002" /><testcase classname="tests.unit.example.test_simple_chat.TestSimpleChat" name="test_handle_simple_chat_new_conversation" time="0.002" /><testcase classname="tests.unit.example.test_simple_chat.TestSimpleChat" name="test_handle_simple_chat_user_input" time="0.002" /><testcase classname="tests.unit.example.test_state.TestStates" name="test_handle_states_no_selection" time="0.001" /><testcase classname="tests.unit.example.test_state.TestStates" name="test_handle_states_with_selection_and_query" time="0.002" /><testcase classname="tests.unit.example.test_state.TestStates" name="test_handle_states_empty_query" time="0.002" /><testcase classname="tests.unit.example.test_state.TestStates" name="test_handle_states_no_button_click" time="0.002" /><testcase classname="tests.unit.example.test_state.TestStates" name="test_handle_states_multiple_selections" time="0.002" /><testcase classname="tests.unit.example.test_web.TestWeb" name="test_handle_web_no_api_key" time="0.001" /><testcase classname="tests.unit.example.test_web.TestWeb" name="test_handle_web_no_query" time="0.001" /><testcase classname="tests.unit.example.test_web.TestWeb" name="test_handle_web_with_query_success" time="0.006" /><testcase classname="tests.unit.example.test_web.TestWeb" name="test_handle_web_no_answer" time="0.006" /><testcase classname="tests.unit.example.test_web.TestWeb" name="test_handle_web_exception_handling" time="0.002" /><testcase classname="tests.unit.example.test_web.TestWeb" name="test_handle_web_no_button_click" time="0.001" /><testcase classname="tests.unit.example.test_web.TestWeb" name="test_handle_web_brave_search_loader_config" time="0.005" /><testcase classname="tests.unit.example.test_wikipedia.TestWikipedia" name="test_handle_wikipedia_no_query" time="0.001" /><testcase classname="tests.unit.example.test_wikipedia.TestWikipedia" name="test_handle_wikipedia_with_query_success" time="0.002" /><testcase classname="tests.unit.example.test_wikipedia.TestWikipedia" name="test_handle_wikipedia_no_answer" time="0.002" /><testcase classname="tests.unit.example.test_wikipedia.TestWikipedia" name="test_handle_wikipedia_empty_result" time="0.002" /><testcase classname="tests.unit.example.test_wikipedia.TestWikipedia" name="test_handle_wikipedia_exception_handling" time="0.002" /><testcase classname="tests.unit.example.test_wikipedia.TestWikipedia" name="test_handle_wikipedia_no_button_click" time="0.001" /><testcase classname="tests.unit.example.test_wikipedia.TestWikipedia" name="test_create_wikipedia_chain" time="0.002" /><testcase classname="tests.unit.example.test_wikipedia.TestWikipedia" name="test_process_wikipedia_query" time="0.001" /><testcase classname="tests.unit.internal.test_brave_client.TestBraveMCPClientInit" name="test_init_default_host" time="0.004" /><testcase classname="tests.unit.internal.test_brave_client.TestBraveMCPClientInit" name="test_init_custom_host" time="0.004" /><testcase classname="tests.unit.internal.test_brave_client.TestBraveMCPClientRequestID" name="test_get_request_id_increments" time="0.004" /><testcase classname="tests.unit.internal.test_brave_client.TestBraveMCPClientSSEParsing" name="test_parse_sse_response_valid" time="0.004" /><testcase classname="tests.unit.internal.test_brave_client.TestBraveMCPClientSSEParsing" name="test_parse_sse_response_with_error" time="0.004" /><testcase classname="tests.unit.internal.test_brave_client.TestBraveMCPClientSSEParsing" name="test_parse_sse_response_no_data_line" time="0.004" /><testcase classname="tests.unit.internal.test_brave_client.TestBraveMCPClientSSEParsing" name="test_parse_sse_response_invalid_json" time="0.005" /><testcase classname="tests.unit.internal.test_brave_client.TestBraveMCPClientSSEParsing" name="test_parse_sse_response_empty" time="0.004" /><testcase classname="tests.unit.internal.test_brave_client.TestBraveMCPClientErrorHandling" name="test_call_tool_http_error" time="0.006" /><testcase classname="tests.unit.internal.test_brave_client.TestBraveMCPClientErrorHandling" name="test_call_tool_network_error" time="0.005" /><testcase classname="tests.unit.internal.test_brave_client.TestBraveMCPClientErrorHandling" name="test_web_search_null_result" time="0.005" /><testcase classname="tests.unit.internal.test_brave_client.TestBraveMCPClientErrorHandling" name="test_web_search_invalid_result_type" time="0.005" /><testcase classname="tests.unit.internal.test_brave_client.TestBraveMCPClientWebSearch" name="test_web_search_success_with_results" time="0.006" /><testcase classname="tests.unit.internal.test_brave_client.TestBraveMCPClientWebSearch" name="test_web_search_multiple_results" time="0.006" /><testcase classname="tests.unit.internal.test_brave_client.TestBraveMCPClientWebSearch" name="test_web_search_empty_description" time="0.006" /><testcase classname="tests.unit.internal.test_brave_client.TestBraveMCPClientWebSearch" name="test_web_search_non_text_items" time="0.006" /><testcase classname="tests.unit.internal.test_brave_client.TestBraveMCPClientWebSearch" name="test_web_search_with_parameters" time="0.005" /><testcase classname="tests.unit.internal.test_brave_client.TestBraveMCPClientLLMContext" name="test_llm_context_success" time="0.006" /><testcase classname="tests.unit.internal.test_brave_client.TestBraveMCPClientLLMContext" name="test_llm_context_with_count" time="0.005" /><testcase classname="tests.unit.internal.test_brave_client.TestBraveSearchTool" name="test_init_default" time="0.004" /><testcase classname="tests.unit.internal.test_brave_client.TestBraveSearchTool" name="test_init_custom_host" time="0.004" /><testcase classname="tests.unit.internal.test_custom_retrievers.TestWikipediaAPIWrapperErrorHandling" name="test_run_disambiguation_error" time="0.001" /><testcase classname="tests.unit.internal.test_custom_retrievers.TestWikipediaAPIWrapperErrorHandling" name="test_run_page_error" time="0.001" /><testcase classname="tests.unit.internal.test_custom_retrievers.TestWikipediaAPIWrapperErrorHandling" name="test_run_no_results" time="0.001" /><testcase classname="tests.unit.internal.test_custom_retrievers.TestWikipediaAPIWrapperErrorHandling" name="test_run_generic_exception" time="0.001" /><testcase classname="tests.unit.internal.test_custom_retrievers.TestWikipediaAPIWrapperErrorHandling" name="test_get_page_content_not_found" time="0.001" /><testcase classname="tests.unit.internal.test_custom_retrievers.TestWikipediaAPIWrapperErrorHandling" name="test_get_page_content_disambiguation" time="0.002" /><testcase classname="tests.unit.internal.test_custom_retrievers.TestWikipediaAPIWrapperErrorHandling" name="test_get_page_content_exception" time="0.001" /><testcase classname="tests.unit.internal.test_custom_retrievers.TestWikipediaRetrieverErrorHandling" name="test_init_default" time="0.001" /><testcase classname="tests.unit.internal.test_custom_retrievers.TestWikipediaRetrieverErrorHandling" name="test_init_custom_top_k" time="0.001" /><testcase classname="tests.unit.internal.test_custom_retrievers.TestWikipediaRetrieverErrorHandling" name="test_get_relevant_documents_search_exception" time="0.001" /><testcase classname="tests.unit.internal.test_custom_retrievers.TestWikipediaRetrieverErrorHandling" name="test_get_relevant_documents_skips_errors" time="0.001" /><testcase classname="tests.unit.internal.test_custom_retrievers.TestWikipediaRetrieverSuccessful" name="test_get_relevant_documents_success" time="0.001" /><testcase classname="tests.unit.internal.test_custom_retrievers.TestWikipediaAPIWrapperSuccessful" name="test_run_success" time="0.001" /><testcase classname="tests.unit.internal.test_custom_retrievers.TestWikipediaAPIWrapperSuccessful" name="test_get_page_content_success" time="0.001" /><testcase classname="tests.unit.internal.test_custom_retrievers.TestArxivRetrieverErrorHandling" name="test_init_defaults" time="0.001" /><testcase classname="tests.unit.internal.test_custom_retrievers.TestArxivRetrieverErrorHandling" name="test_init_custom" time="0.001" /><testcase classname="tests.unit.internal.test_custom_retrievers.TestArxivRetrieverErrorHandling" name="test_get_relevant_documents_client_error" time="0.001" /><testcase classname="tests.unit.internal.test_custom_retrievers.TestArxivRetrieverErrorHandling" name="test_get_relevant_documents_empty_results" time="0.001" /><testcase classname="tests.unit.internal.test_custom_retrievers.TestArxivRetrieverSuccessful" name="test_get_relevant_documents_success" time="0.001" /><testcase classname="tests.unit.internal.test_custom_retrievers.TestWikipediaRetrieverUnitComprehensive" name="test_wikipedia_search_python" time="0.001" /><testcase classname="tests.unit.internal.test_custom_retrievers.TestWikipediaRetrieverUnitComprehensive" name="test_wikipedia_search_empty_result" time="0.001" /><testcase classname="tests.unit.internal.test_custom_retrievers.TestWikipediaRetrieverUnitComprehensive" name="test_wikipedia_search_with_page_error" time="0.001" /><testcase classname="tests.unit.internal.test_custom_retrievers.TestWikipediaRetrieverUnitComprehensive" name="test_wikipedia_search_api_exception" time="0.001" /><testcase classname="tests.unit.internal.test_custom_retrievers.TestWikipediaAPIWrapperUnitComprehensive" name="test_wrapper_run_success" time="0.001" /><testcase classname="tests.unit.internal.test_custom_retrievers.TestWikipediaAPIWrapperUnitComprehensive" name="test_wrapper_run_empty_search" time="0.001" /><testcase classname="tests.unit.internal.test_custom_retrievers.TestWikipediaAPIWrapperUnitComprehensive" name="test_wrapper_get_page_content" time="0.001" /><testcase classname="tests.unit.internal.test_custom_retrievers.TestWikipediaAPIWrapperUnitComprehensive" name="test_wrapper_get_page_content_not_found" time="0.001" /><testcase classname="tests.unit.internal.test_prompts.TestCreateQuestionTypePrompt" name="test_prompt_created" time="0.001" /><testcase classname="tests.unit.internal.test_prompts.TestCreateQuestionTypePrompt" name="test_prompt_input_variables" time="0.001" /><testcase classname="tests.unit.internal.test_prompts.TestCreateQuestionTypePrompt" name="test_prompt_template_contains_placeholders" time="0.001" /><testcase classname="tests.unit.internal.test_prompts.TestCreateQuestionTypePrompt" name="test_prompt_formatting" time="0.001" /><testcase classname="tests.unit.internal.test_prompts.TestCreateMTGPrompt" name="test_prompt_created" time="0.001" /><testcase classname="tests.unit.internal.test_prompts.TestCreateMTGPrompt" name="test_prompt_input_variables" time="0.001" /><testcase classname="tests.unit.internal.test_prompts.TestCreateMTGPrompt" name="test_prompt_formatting" time="0.001" /><testcase classname="tests.unit.internal.test_prompts.TestCreateMTGPrompt" name="test_prompt_mentions_cards" time="0.001" /><testcase classname="tests.unit.internal.test_prompts.TestCreateSummarizePrompt" name="test_prompt_created" time="0.001" /><testcase classname="tests.unit.internal.test_prompts.TestCreateSummarizePrompt" name="test_prompt_input_variables" time="0.001" /><testcase classname="tests.unit.internal.test_prompts.TestCreateSummarizePrompt" name="test_prompt_formatting" time="0.001" /><testcase classname="tests.unit.internal.test_prompts.TestCreateSummarizePrompt" name="test_prompt_requests_bullet_points" time="0.001" /><testcase classname="tests.unit.internal.test_prompts.TestCreateSummarizePrompt" name="test_prompt_specifies_word_limits" time="0.001" /><testcase classname="tests.unit.internal.test_prompts.TestCreateSummarizePromptV2" name="test_prompt_created" time="0.001" /><testcase classname="tests.unit.internal.test_prompts.TestCreateSummarizePromptV2" name="test_prompt_input_variables" time="0.001" /><testcase classname="tests.unit.internal.test_prompts.TestCreateSummarizePromptV2" name="test_prompt_formatting" time="0.001" /><testcase classname="tests.unit.internal.test_prompts.TestCreateSummarizePromptV2" name="test_prompt_is_llama_format" time="0.001" /><testcase classname="tests.unit.internal.test_prompts.TestCreateSummarizePromptV2" name="test_prompt_has_system_role" time="0.001" /><testcase classname="tests.unit.internal.test_prompts.TestCreateAgenticReactPrompt" name="test_prompt_created" time="0.001" /><testcase classname="tests.unit.internal.test_prompts.TestCreateAgenticReactPrompt" name="test_prompt_input_variables" time="0.001" /><testcase classname="tests.unit.internal.test_prompts.TestCreateAgenticReactPrompt" name="test_prompt_is_partial" time="0.001" /><testcase classname="tests.unit.internal.test_prompts.TestCreateAgenticReactPrompt" name="test_prompt_react_format" time="0.001" /><testcase classname="tests.unit.internal.test_prompts.TestCreateAgenticReactPrompt" name="test_prompt_formatting" time="0.001" /><testcase classname="tests.unit.internal.test_prompts.TestCreateAgenticReactPrompt" name="test_prompt_mentions_pokemon" time="0.001" /><testcase classname="tests.unit.internal.test_prompts.TestCreateAgenticReactPrompt" name="test_prompt_has_examples" time="0.001" /><testcase classname="tests.unit.internal.test_prompts.TestCreateAgenticReactPrompt" name="test_prompt_emphasizes_rules" time="0.001" /><testcase classname="tests.unit.internal.test_prompts.TestCreateDeepAgentsSystemPrompt" name="test_prompt_created" time="0.001" /><testcase classname="tests.unit.internal.test_prompts.TestCreateDeepAgentsSystemPrompt" name="test_prompt_is_string" time="0.001" /><testcase classname="tests.unit.internal.test_prompts.TestCreateDeepAgentsSystemPrompt" name="test_prompt_mentions_tools" time="0.001" /><testcase classname="tests.unit.internal.test_prompts.TestCreateDeepAgentsSystemPrompt" name="test_prompt_instructs_step_by_step_thinking" time="0.001" /><testcase classname="tests.unit.internal.test_prompts.TestCreateDeepAgentsSystemPrompt" name="test_prompt_emphasizes_citations" time="0.001" /><testcase classname="tests.unit.internal.test_prompts.TestCreateDeepAgentsSystemPrompt" name="test_prompt_handles_conflict" time="0.001" /><testcase classname="tests.unit.internal.test_prompts.TestCreateDeepAgentsSystemPrompt" name="test_prompt_is_comprehensive" time="0.001" /><testcase classname="tests.unit.internal.test_prompts.TestCreateDeepAgentsSystemPrompt" name="test_prompt_can_be_used_as_system_message" time="0.001" /><testcase classname="tests.unit.internal.test_util.TestCreateLLM" name="test_create_llm_success" time="0.001" /><testcase classname="tests.unit.internal.test_util.TestCreateLLM" name="test_create_llm_uses_environment_host" time="0.001" /><testcase classname="tests.unit.internal.test_util.TestFormatDocs" name="test_format_docs_single" time="0.001" /><testcase classname="tests.unit.internal.test_util.TestFormatDocs" name="test_format_docs_multiple" time="0.001" /><testcase classname="tests.unit.internal.test_util.TestFormatDocs" name="test_format_docs_empty" time="0.001" /><testcase classname="tests.unit.internal.test_util.TestFormatDocs" name="test_format_docs_with_metadata" time="0.001" /><testcase classname="tests.unit.internal.test_util.TestGetCollectionName" name="test_get_collection_name_basic" time="0.001" /><testcase classname="tests.unit.internal.test_util.TestGetCollectionName" name="test_get_collection_name_removes_special_chars" time="0.001" /><testcase classname="tests.unit.internal.test_util.TestGetCollectionName" name="test_get_collection_name_max_length" time="0.001" /><testcase classname="tests.unit.internal.test_util.TestGetCollectionName" name="test_get_collection_name_default_max_length" time="0.001" /><testcase classname="tests.unit.internal.test_util.TestLoadPDF" name="test_load_pdf_single_page" time="0.002" /><testcase classname="tests.unit.internal.test_util.TestLoadPDF" name="test_load_pdf_multiple_pages" time="0.001" /><testcase classname="tests.unit.internal.test_util.TestLoadPDF" name="test_load_pdf_sets_metadata" time="0.001" /><testcase classname="tests.unit.internal.test_util.TestLoadPDF" name="test_load_pdf_includes_page_numbers" time="0.001" /><testcase classname="tests.unit.internal.test_util.TestPrintContext" name="test_print_context_with_context" time="0.001" /><testcase classname="tests.unit.internal.test_util.TestPrintContext" name="test_print_context_without_context" time="0.001" /><testcase classname="tests.unit.internal.test_util.TestPrintContext" name="test_print_context_multiple_docs" time="0.001" /><testcase classname="tests.unit.internal.test_util.TestStripNonAlphanumeric" name="test_strip_basic" time="0.001" /><testcase classname="tests.unit.internal.test_util.TestStripNonAlphanumeric" name="test_strip_all_special_chars" time="0.001" /><testcase classname="tests.unit.internal.test_util.TestStripNonAlphanumeric" name="test_strip_mixed" time="0.001" /><testcase classname="tests.unit.internal.test_util.TestStripNonAlphanumeric" name="test_strip_empty_string" time="0.001" /><testcase classname="tests.unit.internal.test_util.TestStripNonAlphanumeric" name="test_strip_preserves_alphanumeric" time="0.001" /><testcase classname="tests.unit.internal.test_util.TestStripNonAlphanumeric" name="test_strip_unicode" time="0.001" /><testcase classname="tests.unit.internal.test_util.TestWriteToTempFile" name="test_write_to_temp_file" time="0.001" /><testcase classname="tests.unit.internal.test_util.TestWriteToTempFile" name="test_write_to_temp_file_creates_in_temp_dir" time="0.001" /><testcase classname="tests.unit.internal.test_util.TestWriteToTempFile" name="test_write_to_temp_file_preserves_content" time="0.001" /><testcase classname="tests.unit.internal.test_util.TestWriteToTempFile" name="test_write_to_temp_file_binary_data" time="0.001" /></testsuite></testsuites>